[  # Area/Zone                    Creator/Editors         ]
   0 Limbo - Internal             DikuMUD
   9 River Island Of Minos        Mahatma/HexOynx
  12 God Simplex                  CircleMUD, Taz/Tazmania
  15 Space Station Alpha
  25 The High Tower Of Magic      Skylar/SillyMUD
  26 The High Tower Of Magic II   Skylar/SillyMUD
  31 Southern part of Midgaard    DikuMUD
  32 The Graveyard                Rasta of KallistiMUD
  33 The Three Of Swords          Amanda Eterniale Builder_5/C.A.W.
  35 Miden'Nir                    Copper II, VampLestat/MercMUD, Furry
  36 The Chessboard of Midgaard   Exxon/SillyMUD
  40 Moria, Levels 1-2            DikuMUD, Furry/VieMUD
  41 Moria, Level 3               DikuMUD, Furry/VieMUD
  50 The Great Eastern Desert     Rorschach
  51 Drow City                    Rorschach
  52 The City Of Thalos           Rorschach
  53 The Great Pyramid            Andersen/HexOynx, Furry
  54 New Thalos                   Duke/SillyMUD, Furry
  55 New Thalos, Continued
  56 New Thalos Wilderness
  57 The Castle of Shadows        Odin Dudy Seki
  58 Psychedelic mistery          seki
  59 Bloody Lovers Clan           No subscription.
  60 Haon-Dor, Light Forest       DikuMUD, Derkhill/CircleMUD
  61 Haon-Dor, Dark Forest        DikuMUD, Derkhill/CircleMUD
  62 The Orc Enclave              Builder_5 & Serene/C.A.W.
  63 Arachnos                     Mahatma/HexOynx
  64 Rand's Tower                 Amanda Eterniale/C.A.W.
  65 The Dwarven Kingdom          DikuMUD
  68 Froboz's Factory             Amanda Eterniale/C.A.W.
  70 The Sewer, First Level       DikuMUD
  71 The Second Sewer             DikuMUD
  72 The Sewer Maze               DikuMUD
  73 The Tunnels In The Sewer     DikuMUD
  79 Redferne's Residence         Cyron/VieMUD
  90 Transporters                 Yilard/VisionMUD
  91 New Zone                     No subscription. Mike
  92 FantasyLand                  Logik Logik
 120 Rome                         Onivel/JediMUD
 150 King Welmar's Castle         CircleMUD
 170 The Haunted House            Maddog
 186 Newbie Zone                  Maynard/StrangeMUD
 210 New Sparta
 220 The Abandoned Cathedral      Matrix/C.A.W.
 221 Vice Island -- Questor       CAVNESS
 222 Vice Island -- Questor       CAVNESS
 223 New Zone                     No subscription.
 224 Zona Staronovej Kultury      odin Odin
 225 Darkland                     Dudy
 226 New Zone                     No subscription.
